[INFO] Scanning for projects...
[INFO] Inspecting build with total of 1 modules
[INFO] Installing Central Publishing features
[INFO] 
[INFO] -----------------------< org.mybatis:jpetstore >------------------------
[INFO] Building JPetStore Demo 6 6.1.1-SNAPSHOT
[INFO]   from pom.xml
[INFO] --------------------------------[ war ]---------------------------------
[INFO] 
[INFO] --- clean:3.5.0:clean (default-clean) @ jpetstore ---
[INFO] 
[INFO] --- enforcer:3.5.0:enforce (enforce-java) @ jpetstore ---
[INFO] Rule 0: org.codehaus.mojo.extraenforcer.dependencies.EnforceBytecodeVersion passed
[INFO] Rule 1: org.apache.maven.enforcer.rules.version.RequireJavaVersion passed
[INFO] Rule 2: org.apache.maven.enforcer.rules.version.RequireMavenVersion passed
[INFO] Rule 3: org.apache.maven.enforcer.rules.RequirePluginVersions passed
[INFO] 
[INFO] --- git-commit-id:9.0.2:revision (git-commit-id) @ jpetstore ---
[INFO] 
[INFO] --- jacoco:0.8.13:prepare-agent (prepare-agent) @ jpetstore ---
[INFO] argLine set to -javaagent:/Users/sathwik/.m2/repository/org/jacoco/org.jacoco.agent/0.8.13/org.jacoco.agent-0.8.13-runtime.jar=destfile=/private/var/folders/v5/x4q2x4q55yx5z4f8qd65dwcm0000gn/T/originalCopy_140030f4-8de6-4192-85ec-15294bb4c89e_2d5f4f87-ff53-4146-8131-a2ee05559bf2/sources/target/jacoco.exec -javaagent:${settings.localRepository}/net/bytebuddy/byte-buddy-agent/1.17.7/byte-buddy-agent-1.17.7.jar
[INFO] 
[INFO] --- whitespace:1.5.0:trim (default) @ jpetstore ---
[INFO] Processing the following extensions: 4gl,42m,c,cb,cfg,cpp,css,dat,groovy,h,html,ini,java,js,json,jsonp,jsp,jspx,jsx,ksh,kt,kts,md,mk,msg,pl,pm,properties,reg,scala,scss,sh,sql,toml,ts,tsx,wadl,wsdl,xhtml,xml,xsd,yaml,yml
[INFO] 
[INFO] --- formatter:2.26.0:format (default) @ jpetstore ---
[INFO] Processed 41 files in 849ms (Formatted: 0, Skipped: 0, Unchanged: 41, Failed: 0, Readonly: 0)
[INFO] 
[INFO] --- impsort:1.12.0:sort (default) @ jpetstore ---
[INFO] Processed 41 files in 00:00.258 (Already Sorted: 41, Needed Sorting: 0)
[INFO] 
[INFO] >>> rewrite:6.10.0:run (default) > process-test-classes @ jpetstore >>>
[INFO] 
[INFO] --- enforcer:3.5.0:enforce (enforce-java) @ jpetstore ---
[INFO] Rule 0: org.codehaus.mojo.extraenforcer.dependencies.EnforceBytecodeVersion passed
[INFO] Rule 3: org.apache.maven.enforcer.rules.RequirePluginVersions passed
[INFO] 
[INFO] --- git-commit-id:9.0.2:revision (git-commit-id) @ jpetstore ---
[INFO] 
[INFO] --- jacoco:0.8.13:prepare-agent (prepare-agent) @ jpetstore ---
[INFO] argLine set to -javaagent:/Users/sathwik/.m2/repository/org/jacoco/org.jacoco.agent/0.8.13/org.jacoco.agent-0.8.13-runtime.jar=destfile=/private/var/folders/v5/x4q2x4q55yx5z4f8qd65dwcm0000gn/T/originalCopy_140030f4-8de6-4192-85ec-15294bb4c89e_2d5f4f87-ff53-4146-8131-a2ee05559bf2/sources/target/jacoco.exec -javaagent:${settings.localRepository}/net/bytebuddy/byte-buddy-agent/1.17.7/byte-buddy-agent-1.17.7.jar
[INFO] 
[INFO] --- whitespace:1.5.0:trim (default) @ jpetstore ---
[INFO] Processing the following extensions: 4gl,42m,c,cb,cfg,cpp,css,dat,groovy,h,html,ini,java,js,json,jsonp,jsp,jspx,jsx,ksh,kt,kts,md,mk,msg,pl,pm,properties,reg,scala,scss,sh,sql,toml,ts,tsx,wadl,wsdl,xhtml,xml,xsd,yaml,yml
[INFO] 
[INFO] --- formatter:2.26.0:format (default) @ jpetstore ---
[INFO] Processed 41 files in 21ms (Formatted: 0, Skipped: 41, Unchanged: 0, Failed: 0, Readonly: 0)
[INFO] 
[INFO] --- impsort:1.12.0:sort (default) @ jpetstore ---
[INFO] Processed 41 files in 00:00.002 (Already Sorted: 41, Needed Sorting: 0)
[INFO] 
[INFO] --- license:5.0.0:format (default) @ jpetstore ---
[INFO] License Plugin is Skipped
[INFO] 
[INFO] --- resources:3.3.1:resources (default-resources) @ jpetstore ---
[INFO] Copying 11 resources from src/main/resources to target/classes
[INFO] Copying 2 resources from  to target/classes/META-INF
[INFO] 
[INFO] --- compiler:3.14.0:compile (default-compile) @ jpetstore ---
[INFO] Compiling 24 source files with javac [debug parameters release 17] to target/classes
[INFO] 
[INFO] --- bnd:7.1.0:bnd-process (bnd-process) @ jpetstore ---
[INFO] WAB mode enabled. Bnd output will be expanded into the 'maven-war-plugin' <webappDirectory>:/private/var/folders/v5/x4q2x4q55yx5z4f8qd65dwcm0000gn/T/originalCopy_140030f4-8de6-4192-85ec-15294bb4c89e_2d5f4f87-ff53-4146-8131-a2ee05559bf2/sources/target/jpetstore
[WARNING] /private/var/folders/v5/x4q2x4q55yx5z4f8qd65dwcm0000gn/T/originalCopy_140030f4-8de6-4192-85ec-15294bb4c89e_2d5f4f87-ff53-4146-8131-a2ee05559bf2/sources/pom.xml [0:0]: Version for package org.mybatis.logging is set to different values in the source (6.1.1-SNAPSHOT) and in the manifest (3.0.5). The version in the manifest is not picked up by an other sibling bundles in this project or projects that directly depend on this project
[WARNING] /private/var/folders/v5/x4q2x4q55yx5z4f8qd65dwcm0000gn/T/originalCopy_140030f4-8de6-4192-85ec-15294bb4c89e_2d5f4f87-ff53-4146-8131-a2ee05559bf2/sources/pom.xml [0:0]: Version for package org.mybatis.spring is set to different values in the source (6.1.1-SNAPSHOT) and in the manifest (3.0.5). The version in the manifest is not picked up by an other sibling bundles in this project or projects that directly depend on this project
[WARNING] /private/var/folders/v5/x4q2x4q55yx5z4f8qd65dwcm0000gn/T/originalCopy_140030f4-8de6-4192-85ec-15294bb4c89e_2d5f4f87-ff53-4146-8131-a2ee05559bf2/sources/pom.xml [0:0]: Version for package org.mybatis.spring.annotation is set to different values in the source (6.1.1-SNAPSHOT) and in the manifest (3.0.5). The version in the manifest is not picked up by an other sibling bundles in this project or projects that directly depend on this project
[WARNING] /private/var/folders/v5/x4q2x4q55yx5z4f8qd65dwcm0000gn/T/originalCopy_140030f4-8de6-4192-85ec-15294bb4c89e_2d5f4f87-ff53-4146-8131-a2ee05559bf2/sources/pom.xml [0:0]: Version for package org.mybatis.spring.batch is set to different values in the source (6.1.1-SNAPSHOT) and in the manifest (3.0.5). The version in the manifest is not picked up by an other sibling bundles in this project or projects that directly depend on this project
[WARNING] /private/var/folders/v5/x4q2x4q55yx5z4f8qd65dwcm0000gn/T/originalCopy_140030f4-8de6-4192-85ec-15294bb4c89e_2d5f4f87-ff53-4146-8131-a2ee05559bf2/sources/pom.xml [0:0]: Version for package org.mybatis.spring.batch.builder is set to different values in the source (6.1.1-SNAPSHOT) and in the manifest (3.0.5). The version in the manifest is not picked up by an other sibling bundles in this project or projects that directly depend on this project
[WARNING] /private/var/folders/v5/x4q2x4q55yx5z4f8qd65dwcm0000gn/T/originalCopy_140030f4-8de6-4192-85ec-15294bb4c89e_2d5f4f87-ff53-4146-8131-a2ee05559bf2/sources/pom.xml [0:0]: Version for package org.mybatis.spring.config is set to different values in the source (6.1.1-SNAPSHOT) and in the manifest (3.0.5). The version in the manifest is not picked up by an other sibling bundles in this project or projects that directly depend on this project
[WARNING] /private/var/folders/v5/x4q2x4q55yx5z4f8qd65dwcm0000gn/T/originalCopy_140030f4-8de6-4192-85ec-15294bb4c89e_2d5f4f87-ff53-4146-8131-a2ee05559bf2/sources/pom.xml [0:0]: Version for package org.mybatis.spring.mapper is set to different values in the source (6.1.1-SNAPSHOT) and in the manifest (3.0.5). The version in the manifest is not picked up by an other sibling bundles in this project or projects that directly depend on this project
[WARNING] /private/var/folders/v5/x4q2x4q55yx5z4f8qd65dwcm0000gn/T/originalCopy_140030f4-8de6-4192-85ec-15294bb4c89e_2d5f4f87-ff53-4146-8131-a2ee05559bf2/sources/pom.xml [0:0]: Version for package org.mybatis.spring.support is set to different values in the source (6.1.1-SNAPSHOT) and in the manifest (3.0.5). The version in the manifest is not picked up by an other sibling bundles in this project or projects that directly depend on this project
[WARNING] /private/var/folders/v5/x4q2x4q55yx5z4f8qd65dwcm0000gn/T/originalCopy_140030f4-8de6-4192-85ec-15294bb4c89e_2d5f4f87-ff53-4146-8131-a2ee05559bf2/sources/pom.xml [0:0]: Version for package org.mybatis.spring.transaction is set to different values in the source (6.1.1-SNAPSHOT) and in the manifest (3.0.5). The version in the manifest is not picked up by an other sibling bundles in this project or projects that directly depend on this project
[WARNING] /private/var/folders/v5/x4q2x4q55yx5z4f8qd65dwcm0000gn/T/originalCopy_140030f4-8de6-4192-85ec-15294bb4c89e_2d5f4f87-ff53-4146-8131-a2ee05559bf2/sources/pom.xml [0:0]: Export org.mybatis.jpetstore.domain,  has 1,  private references [net.sourceforge.stripes.validation]
[WARNING] /private/var/folders/v5/x4q2x4q55yx5z4f8qd65dwcm0000gn/T/originalCopy_140030f4-8de6-4192-85ec-15294bb4c89e_2d5f4f87-ff53-4146-8131-a2ee05559bf2/sources/pom.xml [0:0]: Export org.mybatis.jpetstore.service,  has 2,  private references [org.springframework.stereotype, org.springframework.transaction.annotation]
[WARNING] /private/var/folders/v5/x4q2x4q55yx5z4f8qd65dwcm0000gn/T/originalCopy_140030f4-8de6-4192-85ec-15294bb4c89e_2d5f4f87-ff53-4146-8131-a2ee05559bf2/sources/pom.xml [0:0]: Export org.mybatis.jpetstore.web.actions,  has 2,  private references [net.sourceforge.stripes.action, net.sourceforge.stripes.validation]
[WARNING] /private/var/folders/v5/x4q2x4q55yx5z4f8qd65dwcm0000gn/T/originalCopy_140030f4-8de6-4192-85ec-15294bb4c89e_2d5f4f87-ff53-4146-8131-a2ee05559bf2/sources/pom.xml [0:0]: Export org.mybatis.spring,  has 20,  private references [org.apache.ibatis.cache, org.apache.ibatis.cursor, org.apache.ibatis.executor, org.apache.ibatis.io, org.apache.ibatis.mapping, org.apache.ibatis.plugin, org.apache.ibatis.reflection.factory, org.apache.ibatis.reflection.wrapper, org.apache.ibatis.scripting, org.apache.ibatis.session, org.apache.ibatis.transaction, org.apache.ibatis.type, org.springframework.beans.factory, org.springframework.context, org.springframework.context.event, org.springframework.core.io, org.springframework.dao, org.springframework.dao.support, org.springframework.jdbc.support, org.springframework.transaction.support]
[WARNING] /private/var/folders/v5/x4q2x4q55yx5z4f8qd65dwcm0000gn/T/originalCopy_140030f4-8de6-4192-85ec-15294bb4c89e_2d5f4f87-ff53-4146-8131-a2ee05559bf2/sources/pom.xml [0:0]: Export org.mybatis.spring.annotation,  has 6,  private references [org.springframework.beans.factory.support, org.springframework.context, org.springframework.context.annotation, org.springframework.core.annotation, org.springframework.core.io, org.springframework.core.type]
[WARNING] /private/var/folders/v5/x4q2x4q55yx5z4f8qd65dwcm0000gn/T/originalCopy_140030f4-8de6-4192-85ec-15294bb4c89e_2d5f4f87-ff53-4146-8131-a2ee05559bf2/sources/pom.xml [0:0]: Export org.mybatis.spring.batch,  has 3,  private references [org.apache.ibatis.session, org.springframework.beans.factory, org.springframework.core.convert.converter]
[WARNING] /private/var/folders/v5/x4q2x4q55yx5z4f8qd65dwcm0000gn/T/originalCopy_140030f4-8de6-4192-85ec-15294bb4c89e_2d5f4f87-ff53-4146-8131-a2ee05559bf2/sources/pom.xml [0:0]: Export org.mybatis.spring.batch.builder,  has 2,  private references [org.apache.ibatis.session, org.springframework.core.convert.converter]
[WARNING] /private/var/folders/v5/x4q2x4q55yx5z4f8qd65dwcm0000gn/T/originalCopy_140030f4-8de6-4192-85ec-15294bb4c89e_2d5f4f87-ff53-4146-8131-a2ee05559bf2/sources/pom.xml [0:0]: Export org.mybatis.spring.config,  has 2,  private references [org.springframework.beans.factory.support, org.springframework.beans.factory.xml]
[WARNING] /private/var/folders/v5/x4q2x4q55yx5z4f8qd65dwcm0000gn/T/originalCopy_140030f4-8de6-4192-85ec-15294bb4c89e_2d5f4f87-ff53-4146-8131-a2ee05559bf2/sources/pom.xml [0:0]: Export org.mybatis.spring.mapper,  has 9,  private references [org.apache.ibatis.session, org.springframework.beans.factory, org.springframework.beans.factory.annotation, org.springframework.beans.factory.config, org.springframework.beans.factory.support, org.springframework.context, org.springframework.context.annotation, org.springframework.core.env, org.springframework.core.type.filter]
[WARNING] /private/var/folders/v5/x4q2x4q55yx5z4f8qd65dwcm0000gn/T/originalCopy_140030f4-8de6-4192-85ec-15294bb4c89e_2d5f4f87-ff53-4146-8131-a2ee05559bf2/sources/pom.xml [0:0]: Export org.mybatis.spring.support,  has 2,  private references [org.apache.ibatis.session, org.springframework.dao.support]
[WARNING] /private/var/folders/v5/x4q2x4q55yx5z4f8qd65dwcm0000gn/T/originalCopy_140030f4-8de6-4192-85ec-15294bb4c89e_2d5f4f87-ff53-4146-8131-a2ee05559bf2/sources/pom.xml [0:0]: Export org.mybatis.spring.transaction,  has 2,  private references [org.apache.ibatis.session, org.apache.ibatis.transaction]
[INFO] 
[INFO] --- resources:3.3.1:testResources (default-testResources) @ jpetstore ---
[INFO] Copying 1 resource from src/test/resources to target/test-classes
[INFO] 
[INFO] --- compiler:3.14.0:testCompile (default-testCompile) @ jpetstore ---
[INFO] Compiling 17 source files with javac [debug parameters release 17] to target/test-classes
[INFO] /private/var/folders/v5/x4q2x4q55yx5z4f8qd65dwcm0000gn/T/originalCopy_140030f4-8de6-4192-85ec-15294bb4c89e_2d5f4f87-ff53-4146-8131-a2ee05559bf2/sources/src/test/java/org/mybatis/jpetstore/domain/OrderTest.java: Some input files use or override a deprecated API.
[INFO] /private/var/folders/v5/x4q2x4q55yx5z4f8qd65dwcm0000gn/T/originalCopy_140030f4-8de6-4192-85ec-15294bb4c89e_2d5f4f87-ff53-4146-8131-a2ee05559bf2/sources/src/test/java/org/mybatis/jpetstore/domain/OrderTest.java: Recompile with -Xlint:deprecation for details.
[INFO] 
[INFO] <<< rewrite:6.10.0:run (default) < process-test-classes @ jpetstore <<<
[INFO] 
[INFO] 
[INFO] --- rewrite:6.10.0:run (default) @ jpetstore ---
[INFO] Using active recipe(s) [org.openrewrite.java.RemoveUnusedImports]
[INFO] Using active styles(s) []
[INFO] Validating active recipes...
[INFO] Project [JPetStore Demo 6] Resolving Poms...
[INFO] Project [JPetStore Demo 6] Parsing source files
[INFO] Running recipe(s)...
[INFO] 
[INFO] --- license:5.0.0:format (default) @ jpetstore ---
[INFO] License Plugin is Skipped
[INFO] 
[INFO] --- resources:3.3.1:resources (default-resources) @ jpetstore ---
[INFO] Copying 11 resources from src/main/resources to target/classes
[INFO] Copying 2 resources from  to target/classes/META-INF
[INFO] 
[INFO] --- compiler:3.14.0:compile (default-compile) @ jpetstore ---
[INFO] Nothing to compile - all classes are up to date.
[INFO] 
[INFO] --- bnd:7.1.0:bnd-process (bnd-process) @ jpetstore ---
[INFO] WAB mode enabled. Bnd output will be expanded into the 'maven-war-plugin' <webappDirectory>:/private/var/folders/v5/x4q2x4q55yx5z4f8qd65dwcm0000gn/T/originalCopy_140030f4-8de6-4192-85ec-15294bb4c89e_2d5f4f87-ff53-4146-8131-a2ee05559bf2/sources/target/jpetstore
[WARNING] /private/var/folders/v5/x4q2x4q55yx5z4f8qd65dwcm0000gn/T/originalCopy_140030f4-8de6-4192-85ec-15294bb4c89e_2d5f4f87-ff53-4146-8131-a2ee05559bf2/sources/pom.xml [0:0]: Version for package org.mybatis.logging is set to different values in the source (6.1.1-SNAPSHOT) and in the manifest (3.0.5). The version in the manifest is not picked up by an other sibling bundles in this project or projects that directly depend on this project
[WARNING] /private/var/folders/v5/x4q2x4q55yx5z4f8qd65dwcm0000gn/T/originalCopy_140030f4-8de6-4192-85ec-15294bb4c89e_2d5f4f87-ff53-4146-8131-a2ee05559bf2/sources/pom.xml [0:0]: Version for package org.mybatis.spring is set to different values in the source (6.1.1-SNAPSHOT) and in the manifest (3.0.5). The version in the manifest is not picked up by an other sibling bundles in this project or projects that directly depend on this project
[WARNING] /private/var/folders/v5/x4q2x4q55yx5z4f8qd65dwcm0000gn/T/originalCopy_140030f4-8de6-4192-85ec-15294bb4c89e_2d5f4f87-ff53-4146-8131-a2ee05559bf2/sources/pom.xml [0:0]: Version for package org.mybatis.spring.annotation is set to different values in the source (6.1.1-SNAPSHOT) and in the manifest (3.0.5). The version in the manifest is not picked up by an other sibling bundles in this project or projects that directly depend on this project
[WARNING] /private/var/folders/v5/x4q2x4q55yx5z4f8qd65dwcm0000gn/T/originalCopy_140030f4-8de6-4192-85ec-15294bb4c89e_2d5f4f87-ff53-4146-8131-a2ee05559bf2/sources/pom.xml [0:0]: Version for package org.mybatis.spring.batch is set to different values in the source (6.1.1-SNAPSHOT) and in the manifest (3.0.5). The version in the manifest is not picked up by an other sibling bundles in this project or projects that directly depend on this project
[WARNING] /private/var/folders/v5/x4q2x4q55yx5z4f8qd65dwcm0000gn/T/originalCopy_140030f4-8de6-4192-85ec-15294bb4c89e_2d5f4f87-ff53-4146-8131-a2ee05559bf2/sources/pom.xml [0:0]: Version for package org.mybatis.spring.batch.builder is set to different values in the source (6.1.1-SNAPSHOT) and in the manifest (3.0.5). The version in the manifest is not picked up by an other sibling bundles in this project or projects that directly depend on this project
[WARNING] /private/var/folders/v5/x4q2x4q55yx5z4f8qd65dwcm0000gn/T/originalCopy_140030f4-8de6-4192-85ec-15294bb4c89e_2d5f4f87-ff53-4146-8131-a2ee05559bf2/sources/pom.xml [0:0]: Version for package org.mybatis.spring.config is set to different values in the source (6.1.1-SNAPSHOT) and in the manifest (3.0.5). The version in the manifest is not picked up by an other sibling bundles in this project or projects that directly depend on this project
[WARNING] /private/var/folders/v5/x4q2x4q55yx5z4f8qd65dwcm0000gn/T/originalCopy_140030f4-8de6-4192-85ec-15294bb4c89e_2d5f4f87-ff53-4146-8131-a2ee05559bf2/sources/pom.xml [0:0]: Version for package org.mybatis.spring.mapper is set to different values in the source (6.1.1-SNAPSHOT) and in the manifest (3.0.5). The version in the manifest is not picked up by an other sibling bundles in this project or projects that directly depend on this project
[WARNING] /private/var/folders/v5/x4q2x4q55yx5z4f8qd65dwcm0000gn/T/originalCopy_140030f4-8de6-4192-85ec-15294bb4c89e_2d5f4f87-ff53-4146-8131-a2ee05559bf2/sources/pom.xml [0:0]: Version for package org.mybatis.spring.support is set to different values in the source (6.1.1-SNAPSHOT) and in the manifest (3.0.5). The version in the manifest is not picked up by an other sibling bundles in this project or projects that directly depend on this project
[WARNING] /private/var/folders/v5/x4q2x4q55yx5z4f8qd65dwcm0000gn/T/originalCopy_140030f4-8de6-4192-85ec-15294bb4c89e_2d5f4f87-ff53-4146-8131-a2ee05559bf2/sources/pom.xml [0:0]: Version for package org.mybatis.spring.transaction is set to different values in the source (6.1.1-SNAPSHOT) and in the manifest (3.0.5). The version in the manifest is not picked up by an other sibling bundles in this project or projects that directly depend on this project
[WARNING] /private/var/folders/v5/x4q2x4q55yx5z4f8qd65dwcm0000gn/T/originalCopy_140030f4-8de6-4192-85ec-15294bb4c89e_2d5f4f87-ff53-4146-8131-a2ee05559bf2/sources/pom.xml [0:0]: Export org.mybatis.jpetstore.domain,  has 1,  private references [net.sourceforge.stripes.validation]
[WARNING] /private/var/folders/v5/x4q2x4q55yx5z4f8qd65dwcm0000gn/T/originalCopy_140030f4-8de6-4192-85ec-15294bb4c89e_2d5f4f87-ff53-4146-8131-a2ee05559bf2/sources/pom.xml [0:0]: Export org.mybatis.jpetstore.service,  has 2,  private references [org.springframework.stereotype, org.springframework.transaction.annotation]
[WARNING] /private/var/folders/v5/x4q2x4q55yx5z4f8qd65dwcm0000gn/T/originalCopy_140030f4-8de6-4192-85ec-15294bb4c89e_2d5f4f87-ff53-4146-8131-a2ee05559bf2/sources/pom.xml [0:0]: Export org.mybatis.jpetstore.web.actions,  has 2,  private references [net.sourceforge.stripes.action, net.sourceforge.stripes.validation]
[WARNING] /private/var/folders/v5/x4q2x4q55yx5z4f8qd65dwcm0000gn/T/originalCopy_140030f4-8de6-4192-85ec-15294bb4c89e_2d5f4f87-ff53-4146-8131-a2ee05559bf2/sources/pom.xml [0:0]: Export org.mybatis.spring,  has 20,  private references [org.apache.ibatis.cache, org.apache.ibatis.cursor, org.apache.ibatis.executor, org.apache.ibatis.io, org.apache.ibatis.mapping, org.apache.ibatis.plugin, org.apache.ibatis.reflection.factory, org.apache.ibatis.reflection.wrapper, org.apache.ibatis.scripting, org.apache.ibatis.session, org.apache.ibatis.transaction, org.apache.ibatis.type, org.springframework.beans.factory, org.springframework.context, org.springframework.context.event, org.springframework.core.io, org.springframework.dao, org.springframework.dao.support, org.springframework.jdbc.support, org.springframework.transaction.support]
[WARNING] /private/var/folders/v5/x4q2x4q55yx5z4f8qd65dwcm0000gn/T/originalCopy_140030f4-8de6-4192-85ec-15294bb4c89e_2d5f4f87-ff53-4146-8131-a2ee05559bf2/sources/pom.xml [0:0]: Export org.mybatis.spring.annotation,  has 6,  private references [org.springframework.beans.factory.support, org.springframework.context, org.springframework.context.annotation, org.springframework.core.annotation, org.springframework.core.io, org.springframework.core.type]
[WARNING] /private/var/folders/v5/x4q2x4q55yx5z4f8qd65dwcm0000gn/T/originalCopy_140030f4-8de6-4192-85ec-15294bb4c89e_2d5f4f87-ff53-4146-8131-a2ee05559bf2/sources/pom.xml [0:0]: Export org.mybatis.spring.batch,  has 3,  private references [org.apache.ibatis.session, org.springframework.beans.factory, org.springframework.core.convert.converter]
[WARNING] /private/var/folders/v5/x4q2x4q55yx5z4f8qd65dwcm0000gn/T/originalCopy_140030f4-8de6-4192-85ec-15294bb4c89e_2d5f4f87-ff53-4146-8131-a2ee05559bf2/sources/pom.xml [0:0]: Export org.mybatis.spring.batch.builder,  has 2,  private references [org.apache.ibatis.session, org.springframework.core.convert.converter]
[WARNING] /private/var/folders/v5/x4q2x4q55yx5z4f8qd65dwcm0000gn/T/originalCopy_140030f4-8de6-4192-85ec-15294bb4c89e_2d5f4f87-ff53-4146-8131-a2ee05559bf2/sources/pom.xml [0:0]: Export org.mybatis.spring.config,  has 2,  private references [org.springframework.beans.factory.support, org.springframework.beans.factory.xml]
[WARNING] /private/var/folders/v5/x4q2x4q55yx5z4f8qd65dwcm0000gn/T/originalCopy_140030f4-8de6-4192-85ec-15294bb4c89e_2d5f4f87-ff53-4146-8131-a2ee05559bf2/sources/pom.xml [0:0]: Export org.mybatis.spring.mapper,  has 9,  private references [org.apache.ibatis.session, org.springframework.beans.factory, org.springframework.beans.factory.annotation, org.springframework.beans.factory.config, org.springframework.beans.factory.support, org.springframework.context, org.springframework.context.annotation, org.springframework.core.env, org.springframework.core.type.filter]
[WARNING] /private/var/folders/v5/x4q2x4q55yx5z4f8qd65dwcm0000gn/T/originalCopy_140030f4-8de6-4192-85ec-15294bb4c89e_2d5f4f87-ff53-4146-8131-a2ee05559bf2/sources/pom.xml [0:0]: Export org.mybatis.spring.support,  has 2,  private references [org.apache.ibatis.session, org.springframework.dao.support]
[WARNING] /private/var/folders/v5/x4q2x4q55yx5z4f8qd65dwcm0000gn/T/originalCopy_140030f4-8de6-4192-85ec-15294bb4c89e_2d5f4f87-ff53-4146-8131-a2ee05559bf2/sources/pom.xml [0:0]: Export org.mybatis.spring.transaction,  has 2,  private references [org.apache.ibatis.session, org.apache.ibatis.transaction]
[INFO] 
[INFO] --- resources:3.3.1:testResources (default-testResources) @ jpetstore ---
[INFO] Copying 1 resource from src/test/resources to target/test-classes
[INFO] 
[INFO] --- compiler:3.14.0:testCompile (default-testCompile) @ jpetstore ---
[INFO] Nothing to compile - all classes are up to date.
[INFO] 
[INFO] --- surefire:3.5.3:test (default-test) @ jpetstore ---
[INFO] Using auto detected provider org.apache.maven.surefire.junitplatform.JUnitPlatformProvider
[INFO] 
[INFO] -------------------------------------------------------
[INFO]  T E S T S
[INFO] -------------------------------------------------------
[INFO] Running org.mybatis.jpetstore.web.actions.OrderActionBeanTest
[INFO] Tests run: 4, Failures: 0, Errors: 0, Skipped: 0, Time elapsed: 0.092 s -- in org.mybatis.jpetstore.web.actions.OrderActionBeanTest
[INFO] Running org.mybatis.jpetstore.web.actions.CatalogActionBeanTest
[INFO] Tests run: 11, Failures: 0, Errors: 0, Skipped: 0, Time elapsed: 0.014 s -- in org.mybatis.jpetstore.web.actions.CatalogActionBeanTest
[INFO] Running org.mybatis.jpetstore.web.actions.AccountActionBeanTest
[INFO] Tests run: 6, Failures: 0, Errors: 0, Skipped: 0, Time elapsed: 0.005 s -- in org.mybatis.jpetstore.web.actions.AccountActionBeanTest
[INFO] Running org.mybatis.jpetstore.mapper.LineItemMapperTest
[INFO] Tests run: 2, Failures: 0, Errors: 0, Skipped: 0, Time elapsed: 1.322 s -- in org.mybatis.jpetstore.mapper.LineItemMapperTest
[INFO] Running org.mybatis.jpetstore.mapper.ProductMapperTest
[Amazon Parrot, Koi, Goldfish, Bulldog, Dalmation, Poodle, Golden Retriever, Labrador Retriever]
[INFO] Tests run: 3, Failures: 0, Errors: 0, Skipped: 0, Time elapsed: 0.016 s -- in org.mybatis.jpetstore.mapper.ProductMapperTest
[INFO] Running org.mybatis.jpetstore.mapper.CategoryMapperTest
[INFO] Tests run: 2, Failures: 0, Errors: 0, Skipped: 0, Time elapsed: 0.008 s -- in org.mybatis.jpetstore.mapper.CategoryMapperTest
[INFO] Running org.mybatis.jpetstore.mapper.SequenceMapperTest
[INFO] Tests run: 2, Failures: 0, Errors: 0, Skipped: 0, Time elapsed: 0.022 s -- in org.mybatis.jpetstore.mapper.SequenceMapperTest
[INFO] Running org.mybatis.jpetstore.mapper.AccountMapperTest
[INFO] Tests run: 8, Failures: 0, Errors: 0, Skipped: 0, Time elapsed: 0.046 s -- in org.mybatis.jpetstore.mapper.AccountMapperTest
[INFO] Running org.mybatis.jpetstore.mapper.OrderMapperTest
[INFO] Tests run: 4, Failures: 0, Errors: 0, Skipped: 0, Time elapsed: 0.016 s -- in org.mybatis.jpetstore.mapper.OrderMapperTest
[INFO] Running org.mybatis.jpetstore.mapper.ItemMapperTest
[INFO] Tests run: 4, Failures: 0, Errors: 0, Skipped: 0, Time elapsed: 0.015 s -- in org.mybatis.jpetstore.mapper.ItemMapperTest
[INFO] Running org.mybatis.jpetstore.service.OrderServiceTest
[INFO] Tests run: 6, Failures: 0, Errors: 0, Skipped: 0, Time elapsed: 0.180 s -- in org.mybatis.jpetstore.service.OrderServiceTest
[INFO] Running org.mybatis.jpetstore.service.CatalogServiceTest
[INFO] Tests run: 9, Failures: 0, Errors: 0, Skipped: 0, Time elapsed: 0.045 s -- in org.mybatis.jpetstore.service.CatalogServiceTest
[INFO] Running org.mybatis.jpetstore.service.AccountServiceTest
[INFO] Tests run: 4, Failures: 0, Errors: 0, Skipped: 0, Time elapsed: 0.024 s -- in org.mybatis.jpetstore.service.AccountServiceTest
[INFO] Running org.mybatis.jpetstore.domain.OrderTest
[INFO] Tests run: 1, Failures: 0, Errors: 0, Skipped: 0, Time elapsed: 0.002 s -- in org.mybatis.jpetstore.domain.OrderTest
[INFO] Running org.mybatis.jpetstore.domain.CartTest
[INFO] Tests run: 8, Failures: 0, Errors: 0, Skipped: 0, Time elapsed: 0.003 s -- in org.mybatis.jpetstore.domain.CartTest
[INFO] 
[INFO] Results:
[INFO] 
[INFO] Tests run: 74, Failures: 0, Errors: 0, Skipped: 0
[INFO] 
[INFO] ------------------------------------------------------------------------
[INFO] BUILD SUCCESS
[INFO] ------------------------------------------------------------------------
[INFO] Total time:  14.381 s
[INFO] Finished at: 2025-09-15T14:55:40+02:00
[INFO] ------------------------------------------------------------------------
